Unable to find image 'rockylinux:8' locally
8: Pulling from library/rockylinux
9088cdb84e39: Pulling fs layer
9088cdb84e39: Verifying Checksum
9088cdb84e39: Download complete
9088cdb84e39: Pull complete
Digest: sha256:9794037624aaa6212aeada1d28861ef5e0a935adaf93e4ef79837119f2a2d04c
Status: Downloaded newer image for rockylinux:8
## System
NAME="Rocky Linux"
VERSION="8.9 (Green Obsidian)"
ID="rocky"
ID_LIKE="rhel centos fedora"
VERSION_ID="8.9"
PLATFORM_ID="platform:el8"
PRETTY_NAME="Rocky Linux 8.9 (Green Obsidian)"
ANSI_COLOR="0;32"
LOGO="fedora-logo-icon"
CPE_NAME="cpe:/o:rocky:rocky:8:GA"
HOME_URL="https://rockylinux.org/"
BUG_REPORT_URL="https://bugs.rockylinux.org/"
SUPPORT_END="2029-05-31"
ROCKY_SUPPORT_PRODUCT="Rocky-Linux-8"
ROCKY_SUPPORT_PRODUCT_VERSION="8.9"
REDHAT_SUPPORT_PRODUCT="Rocky Linux"
REDHAT_SUPPORT_PRODUCT_VERSION="8.9"

## Setup
dnf -y install dnf-plugins-core && if dnf repolist all | grep -q "^powertools"; then dnf config-manager --set-enabled powertools; fi && dnf -y install epel-release && dnf -y install gcc-toolset-12-gcc gcc-toolset-12-gcc-gfortran gcc-toolset-12-gcc-c++ make cmake blas-devel lapack-devel binutils findutils tar gzip curl unzip python3
Rocky Linux 8 - AppStream                        23 MB/s |  31 MB     00:01    
Rocky Linux 8 - BaseOS                           57 MB/s |  64 MB     00:01    
Rocky Linux 8 - Extras                           39 kB/s |  15 kB     00:00    
Dependencies resolved.
================================================================================
 Package                       Arch        Version            Repository   Size
================================================================================
Installing:
 dnf-plugins-core              noarch      4.0.21-25.el8      baseos       76 k
Installing dependencies:
 dbus-glib                     x86_64      0.110-2.el8        baseos      126 k
 python3-dateutil              noarch      1:2.6.1-6.el8      baseos      250 k
 python3-dbus                  x86_64      1.2.4-15.el8       baseos      133 k
 python3-dnf-plugins-core      noarch      4.0.21-25.el8      baseos      262 k
 python3-six                   noarch      1.11.0-8.el8       baseos       37 k
 python3-systemd               x86_64      234-8.el8          baseos       80 k

Transaction Summary
================================================================================
Install  7 Packages

Total download size: 963 k
Installed size: 2.6 M
Downloading Packages:
(1/7): dbus-glib-0.110-2.el8.x86_64.rpm         418 kB/s | 126 kB     00:00    
(2/7): python3-dateutil-2.6.1-6.el8.noarch.rpm  778 kB/s | 250 kB     00:00    
(3/7): python3-dbus-1.2.4-15.el8.x86_64.rpm     1.3 MB/s | 133 kB     00:00    
(4/7): dnf-plugins-core-4.0.21-25.el8.noarch.rp 186 kB/s |  76 kB     00:00    
(5/7): python3-dnf-plugins-core-4.0.21-25.el8.n 2.9 MB/s | 262 kB     00:00    
(6/7): python3-six-1.11.0-8.el8.noarch.rpm      558 kB/s |  37 kB     00:00    
(7/7): python3-systemd-234-8.el8.x86_64.rpm     1.0 MB/s |  80 kB     00:00    
--------------------------------------------------------------------------------
Total                                           1.4 MB/s | 963 kB     00:00     
Rocky Linux 8 - BaseOS                          1.6 MB/s | 1.6 kB     00:00    
Importing GPG key 0x6D745A60:
 Userid     : "Release Engineering <infrastructure@rockylinux.org>"
 Fingerprint: 7051 C470 A929 F454 CEBE 37B7 15AF 5DAC 6D74 5A60
 From       : /etc/pki/rpm-gpg/RPM-GPG-KEY-rockyofficial
Key imported successfully
Running transaction check
Transaction check succeeded.
Running transaction test
Transaction test succeeded.
Running transaction
  Preparing        :                                                        1/1 
  Installing       : python3-systemd-234-8.el8.x86_64                       1/7 
  Installing       : python3-six-1.11.0-8.el8.noarch                        2/7 
  Installing       : python3-dateutil-1:2.6.1-6.el8.noarch                  3/7 
  Installing       : dbus-glib-0.110-2.el8.x86_64                           4/7 
  Running scriptlet: dbus-glib-0.110-2.el8.x86_64                           4/7 
  Installing       : python3-dbus-1.2.4-15.el8.x86_64                       5/7 
  Installing       : python3-dnf-plugins-core-4.0.21-25.el8.noarch          6/7 
  Installing       : dnf-plugins-core-4.0.21-25.el8.noarch                  7/7 
  Running scriptlet: dnf-plugins-core-4.0.21-25.el8.noarch                  7/7 
  Verifying        : dbus-glib-0.110-2.el8.x86_64                           1/7 
  Verifying        : dnf-plugins-core-4.0.21-25.el8.noarch                  2/7 
  Verifying        : python3-dateutil-1:2.6.1-6.el8.noarch                  3/7 
  Verifying        : python3-dbus-1.2.4-15.el8.x86_64                       4/7 
  Verifying        : python3-dnf-plugins-core-4.0.21-25.el8.noarch          5/7 
  Verifying        : python3-six-1.11.0-8.el8.noarch                        6/7 
  Verifying        : python3-systemd-234-8.el8.x86_64                       7/7 

Installed:
  dbus-glib-0.110-2.el8.x86_64                                                  
  dnf-plugins-core-4.0.21-25.el8.noarch                                         
  python3-dateutil-1:2.6.1-6.el8.noarch                                         
  python3-dbus-1.2.4-15.el8.x86_64                                              
  python3-dnf-plugins-core-4.0.21-25.el8.noarch                                 
  python3-six-1.11.0-8.el8.noarch                                               
  python3-systemd-234-8.el8.x86_64                                              

Complete!
Rocky Linux 8 - PowerTools                      9.7 MB/s | 5.8 MB     00:00    
Last metadata expiration check: 0:00:01 ago on Sat Jul 11 12:35:08 2026.
Dependencies resolved.
================================================================================
 Package               Architecture    Version            Repository       Size
================================================================================
Installing:
 epel-release          noarch          8-22.el8           extras           25 k

Transaction Summary
================================================================================
Install  1 Package

Total download size: 25 k
Installed size: 34 k
Downloading Packages:
epel-release-8-22.el8.noarch.rpm                249 kB/s |  25 kB     00:00    
--------------------------------------------------------------------------------
Total                                           194 kB/s |  25 kB     00:00     
Running transaction check
Transaction check succeeded.
Running transaction test
Transaction test succeeded.
Running transaction
  Preparing        :                                                        1/1 
  Installing       : epel-release-8-22.el8.noarch                           1/1 
  Running scriptlet: epel-release-8-22.el8.noarch                           1/1 
Many EPEL packages require the CodeReady Builder (CRB) repository.
It is recommended that you run /usr/bin/crb enable to enable the CRB repository.

  Verifying        : epel-release-8-22.el8.noarch                           1/1 

Installed:
  epel-release-8-22.el8.noarch                                                  

Complete!
Extra Packages for Enterprise Linux 8 - x86_64   10 MB/s |  14 MB     00:01    
Last metadata expiration check: 0:00:03 ago on Sat Jul 11 12:35:12 2026.
Package binutils-2.30-123.el8.x86_64 is already installed.
Package tar-2:1.30-9.el8.x86_64 is already installed.
Package gzip-1.9-13.el8_5.x86_64 is already installed.
Package curl-7.61.1-33.el8.x86_64 is already installed.
Dependencies resolved.
====================================================================================================
 Package                            Arch    Version                                Repository   Size
====================================================================================================
Installing:
 blas-devel                         x86_64  3.8.0-9.el8_10                         powertools   25 k
 cmake                              x86_64  3.26.5-2.el8                           appstream    14 M
 findutils                          x86_64  1:4.6.0-24.el8_10                      baseos      526 k
 gcc-toolset-12-gcc                 x86_64  12.2.1-7.8.el8_10                      appstream    44 M
 gcc-toolset-12-gcc-c++             x86_64  12.2.1-7.8.el8_10                      appstream    13 M
 gcc-toolset-12-gcc-gfortran        x86_64  12.2.1-7.8.el8_10                      appstream    14 M
 lapack-devel                       x86_64  3.8.0-9.el8_10                         powertools   88 k
 make                               x86_64  1:4.2.1-11.el8                         baseos      497 k
 python36                           x86_64  3.6.8-39.module+el8.10.0+1910+234ad790 appstream    18 k
 unzip                              x86_64  6.0-48.el8_10                          baseos      195 k
Upgrading:
 audit-libs                         x86_64  3.1.2-1.el8_10.1                       baseos      124 k
 binutils                           x86_64  2.30-128.el8_10                        baseos      5.8 M
 curl                               x86_64  7.61.1-34.el8_10.11                    baseos      354 k
 elfutils-libelf                    x86_64  0.190-2.el8                            baseos      232 k
 elfutils-libs                      x86_64  0.190-2.el8                            baseos      304 k
 glibc                              x86_64  2.28-251.el8_10.38                     baseos      2.2 M
 glibc-common                       x86_64  2.28-251.el8_10.38                     baseos      1.0 M
 glibc-minimal-langpack             x86_64  2.28-251.el8_10.38                     baseos       73 k
 libcurl-minimal                    x86_64  7.61.1-34.el8_10.11                    baseos      293 k
 libgcc                             x86_64  8.5.0-28.el8_10                        baseos       81 k
 tar                                x86_64  2:1.30-11.el8_10                       baseos      838 k
Installing dependencies:
 blas                               x86_64  3.8.0-9.el8_10                         appstream   426 k
 checkpolicy                        x86_64  2.9-1.el8                              baseos      345 k
 cmake-data                         noarch  3.26.5-2.el8                           appstream   1.9 M
 cmake-filesystem                   x86_64  3.26.5-2.el8                           appstream    44 k
 cmake-rpm-macros                   noarch  3.26.5-2.el8                           appstream    43 k
 cpp                                x86_64  8.5.0-28.el8_10                        appstream    10 M
 diffutils                          x86_64  3.6-6.el8                              baseos      358 k
 elfutils-debuginfod-client         x86_64  0.190-2.el8                            baseos       76 k
 emacs-filesystem                   noarch  1:26.1-15.el8_10                       baseos       70 k
 environment-modules                x86_64  4.5.2-4.el8                            baseos      421 k
 gcc                                x86_64  8.5.0-28.el8_10                        appstream    23 M
 gcc-gfortran                       x86_64  8.5.0-28.el8_10                        appstream    12 M
 gcc-toolset-12-binutils            x86_64  2.38-17.el8                            appstream   6.5 M
 gcc-toolset-12-binutils-gold       x86_64  2.38-17.el8                            appstream   871 k
 gcc-toolset-12-libquadmath-devel   x86_64  12.2.1-7.8.el8_10                      appstream   184 k
 gcc-toolset-12-libstdc++-devel     x86_64  12.2.1-7.8.el8_10                      appstream   3.4 M
 gcc-toolset-12-runtime             x86_64  12.0-6.el8                             appstream    27 k
 glibc-devel                        x86_64  2.28-251.el8_10.38                     baseos       91 k
 glibc-headers                      x86_64  2.28-251.el8_10.38                     baseos      496 k
 groff-base                         x86_64  1.22.3-18.el8                          baseos      1.0 M
 isl                                x86_64  0.16.1-6.el8                           appstream   834 k
 kernel-headers                     x86_64  4.18.0-553.137.1.el8_10                baseos       12 M
 lapack                             x86_64  3.8.0-9.el8_10                         appstream   8.6 M
 libgfortran                        x86_64  8.5.0-28.el8_10                        baseos      645 k
 libgomp                            x86_64  8.5.0-28.el8_10                        baseos      208 k
 libmpc                             x86_64  1.1.0-9.1.el8                          appstream    60 k
 libpipeline                        x86_64  1.5.0-2.el8                            baseos       53 k
 libpkgconf                         x86_64  1.4.2-1.el8                            baseos       34 k
 libquadmath                        x86_64  8.5.0-28.el8_10                        baseos      172 k
 libquadmath-devel                  x86_64  8.5.0-28.el8_10                        appstream    26 k
 libselinux-utils                   x86_64  2.9-8.el8                              baseos      242 k
 libuv                              x86_64  1:1.41.1-2.el8_10                      appstream   155 k
 libxcrypt-devel                    x86_64  4.1.1-6.el8                            baseos       24 k
 man-db                             x86_64  2.7.6.1-18.el8                         baseos      886 k
 pkgconf                            x86_64  1.4.2-1.el8                            baseos       37 k
 pkgconf-m4                         noarch  1.4.2-1.el8                            baseos       16 k
 pkgconf-pkg-config                 x86_64  1.4.2-1.el8                            baseos       14 k
 platform-python-pip                noarch  9.0.3-24.el8.rocky.0                   baseos      1.6 M
 policycoreutils                    x86_64  2.9-26.el8_10                          baseos      376 k
 policycoreutils-python-utils       noarch  2.9-26.el8_10                          baseos      253 k
 procps-ng                          x86_64  3.3.15-14.el8                          baseos      329 k
 python3-audit                      x86_64  3.1.2-1.el8_10.1                       baseos       87 k
 python3-libselinux                 x86_64  2.9-8.el8                              baseos      282 k
 python3-libsemanage                x86_64  2.9-9.el8_6                            baseos      127 k
 python3-pip                        noarch  9.0.3-24.el8.rocky.0                   appstream    20 k
 python3-policycoreutils            noarch  2.9-26.el8_10                          baseos      2.3 M
 python3-setools                    x86_64  4.3.0-5.el8                            baseos      626 k
 python3-setuptools                 noarch  39.2.0-7.el8                           baseos      162 k
 scl-utils                          x86_64  1:2.0.2-16.el8                         appstream    46 k
 tcl                                x86_64  1:8.6.8-2.el8                          baseos      1.1 M
 vim-filesystem                     noarch  2:8.0.1763-24.el8_10                   appstream    51 k
Installing weak dependencies:
 glibc-gconv-extra                  x86_64  2.28-251.el8_10.38                     baseos      1.6 M
 glibc-langpack-en                  x86_64  2.28-251.el8_10.38                     baseos      834 k
Enabling module streams:
 python36                                   3.6                                                     

Transaction Summary
====================================================================================================
Install  63 Packages
Upgrade  11 Packages

Total download size: 193 M
Downloading Packages:
(1/74): cmake-data-3.26.5-2.el8.noarch.rpm      6.1 MB/s | 1.9 MB     00:00    
(2/74): cmake-filesystem-3.26.5-2.el8.x86_64.rp 1.7 MB/s |  44 kB     00:00    
(3/74): cmake-rpm-macros-3.26.5-2.el8.noarch.rp 1.6 MB/s |  43 kB     00:00    
(4/74): cmake-3.26.5-2.el8.x86_64.rpm            27 MB/s |  14 MB     00:00    
(5/74): cpp-8.5.0-28.el8_10.x86_64.rpm           53 MB/s |  10 MB     00:00    
(6/74): gcc-gfortran-8.5.0-28.el8_10.x86_64.rpm  82 MB/s |  12 MB     00:00    
(7/74): gcc-8.5.0-28.el8_10.x86_64.rpm           92 MB/s |  23 MB     00:00    
(8/74): gcc-toolset-12-binutils-2.38-17.el8.x86  72 MB/s | 6.5 MB     00:00    
(9/74): gcc-toolset-12-binutils-gold-2.38-17.el  19 MB/s | 871 kB     00:00    
(10/74): gcc-toolset-12-gcc-c++-12.2.1-7.8.el8_  78 MB/s |  13 MB     00:00    
(11/74): blas-3.8.0-9.el8_10.x86_64.rpm         381 kB/s | 426 kB     00:01    
(12/74): gcc-toolset-12-gcc-12.2.1-7.8.el8_10.x 105 MB/s |  44 MB     00:00    
(13/74): gcc-toolset-12-gcc-gfortran-12.2.1-7.8  52 MB/s |  14 MB     00:00    
(14/74): gcc-toolset-12-runtime-12.0-6.el8.x86_ 861 kB/s |  27 kB     00:00    
(15/74): isl-0.16.1-6.el8.x86_64.rpm             26 MB/s | 834 kB     00:00    
(16/74): gcc-toolset-12-libquadmath-devel-12.2. 951 kB/s | 184 kB     00:00    
(17/74): gcc-toolset-12-libstdc++-devel-12.2.1-  34 MB/s | 3.4 MB     00:00    
(18/74): libmpc-1.1.0-9.1.el8.x86_64.rpm        2.3 MB/s |  60 kB     00:00    
(19/74): libquadmath-devel-8.5.0-28.el8_10.x86_ 1.0 MB/s |  26 kB     00:00    
(20/74): libuv-1.41.1-2.el8_10.x86_64.rpm       5.7 MB/s | 155 kB     00:00    
(21/74): python3-pip-9.0.3-24.el8.rocky.0.noarc 767 kB/s |  20 kB     00:00    
(22/74): python36-3.6.8-39.module+el8.10.0+1910 727 kB/s |  18 kB     00:00    
(23/74): scl-utils-2.0.2-16.el8.x86_64.rpm      1.8 MB/s |  46 kB     00:00    
(24/74): vim-filesystem-8.0.1763-24.el8_10.noar 1.9 MB/s |  51 kB     00:00    
(25/74): checkpolicy-2.9-1.el8.x86_64.rpm       904 kB/s | 345 kB     00:00    
(26/74): diffutils-3.6-6.el8.x86_64.rpm         903 kB/s | 358 kB     00:00    
(27/74): elfutils-debuginfod-client-0.190-2.el8 633 kB/s |  76 kB     00:00    
(28/74): emacs-filesystem-26.1-15.el8_10.noarch 583 kB/s |  70 kB     00:00    
(29/74): environment-modules-4.5.2-4.el8.x86_64 2.9 MB/s | 421 kB     00:00    
(30/74): findutils-4.6.0-24.el8_10.x86_64.rpm   2.8 MB/s | 526 kB     00:00    
(31/74): glibc-devel-2.28-251.el8_10.38.x86_64. 872 kB/s |  91 kB     00:00    
(32/74): glibc-headers-2.28-251.el8_10.38.x86_6 2.9 MB/s | 496 kB     00:00    
(33/74): glibc-gconv-extra-2.28-251.el8_10.38.x 7.3 MB/s | 1.6 MB     00:00    
(34/74): lapack-3.8.0-9.el8_10.x86_64.rpm       7.6 MB/s | 8.6 MB     00:01    
(35/74): glibc-langpack-en-2.28-251.el8_10.38.x 3.7 MB/s | 834 kB     00:00    
(36/74): groff-base-1.22.3-18.el8.x86_64.rpm    4.8 MB/s | 1.0 MB     00:00    
(37/74): libgomp-8.5.0-28.el8_10.x86_64.rpm     1.4 MB/s | 208 kB     00:00    
(38/74): libgfortran-8.5.0-28.el8_10.x86_64.rpm 2.9 MB/s | 645 kB     00:00    
(39/74): libpipeline-1.5.0-2.el8.x86_64.rpm     405 kB/s |  53 kB     00:00    
(40/74): libpkgconf-1.4.2-1.el8.x86_64.rpm      477 kB/s |  34 kB     00:00    
(41/74): kernel-headers-4.18.0-553.137.1.el8_10  25 MB/s |  12 MB     00:00    
(42/74): libquadmath-8.5.0-28.el8_10.x86_64.rpm 1.0 MB/s | 172 kB     00:00    
(43/74): libxcrypt-devel-4.1.1-6.el8.x86_64.rpm 346 kB/s |  24 kB     00:00    
(44/74): libselinux-utils-2.9-8.el8.x86_64.rpm  1.3 MB/s | 242 kB     00:00    
(45/74): pkgconf-1.4.2-1.el8.x86_64.rpm         251 kB/s |  37 kB     00:00    
(46/74): make-4.2.1-11.el8.x86_64.rpm           2.7 MB/s | 497 kB     00:00    
(47/74): man-db-2.7.6.1-18.el8.x86_64.rpm       5.2 MB/s | 886 kB     00:00    
(48/74): pkgconf-pkg-config-1.4.2-1.el8.x86_64. 261 kB/s |  14 kB     00:00    
(49/74): pkgconf-m4-1.4.2-1.el8.noarch.rpm      193 kB/s |  16 kB     00:00    
(50/74): policycoreutils-2.9-26.el8_10.x86_64.r 2.7 MB/s | 376 kB     00:00    
(51/74): policycoreutils-python-utils-2.9-26.el 2.1 MB/s | 253 kB     00:00    
(52/74): platform-python-pip-9.0.3-24.el8.rocky 7.3 MB/s | 1.6 MB     00:00    
(53/74): python3-audit-3.1.2-1.el8_10.1.x86_64. 853 kB/s |  87 kB     00:00    
(54/74): procps-ng-3.3.15-14.el8.x86_64.rpm     2.0 MB/s | 329 kB     00:00    
(55/74): python3-libselinux-2.9-8.el8.x86_64.rp 1.6 MB/s | 282 kB     00:00    
(56/74): python3-libsemanage-2.9-9.el8_6.x86_64 998 kB/s | 127 kB     00:00    
(57/74): python3-setuptools-39.2.0-7.el8.noarch 1.3 MB/s | 162 kB     00:00    
(58/74): python3-setools-4.3.0-5.el8.x86_64.rpm 3.4 MB/s | 626 kB     00:00    
(59/74): python3-policycoreutils-2.9-26.el8_10. 9.2 MB/s | 2.3 MB     00:00    
(60/74): blas-devel-3.8.0-9.el8_10.x86_64.rpm   248 kB/s |  25 kB     00:00    
(61/74): unzip-6.0-48.el8_10.x86_64.rpm         1.2 MB/s | 195 kB     00:00    
(62/74): lapack-devel-3.8.0-9.el8_10.x86_64.rpm 1.6 MB/s |  88 kB     00:00    
(63/74): tcl-8.6.8-2.el8.x86_64.rpm             5.0 MB/s | 1.1 MB     00:00    
(64/74): audit-libs-3.1.2-1.el8_10.1.x86_64.rpm 934 kB/s | 124 kB     00:00    
(65/74): curl-7.61.1-34.el8_10.11.x86_64.rpm    2.0 MB/s | 354 kB     00:00    
(66/74): elfutils-libelf-0.190-2.el8.x86_64.rpm 1.2 MB/s | 232 kB     00:00    
(67/74): elfutils-libs-0.190-2.el8.x86_64.rpm   1.7 MB/s | 304 kB     00:00    
(68/74): binutils-2.30-128.el8_10.x86_64.rpm     13 MB/s | 5.8 MB     00:00    
(69/74): glibc-common-2.28-251.el8_10.38.x86_64 5.6 MB/s | 1.0 MB     00:00    
(70/74): glibc-minimal-langpack-2.28-251.el8_10 662 kB/s |  73 kB     00:00    
(71/74): glibc-2.28-251.el8_10.38.x86_64.rpm    6.6 MB/s | 2.2 MB     00:00    
(72/74): libgcc-8.5.0-28.el8_10.x86_64.rpm      783 kB/s |  81 kB     00:00    
(73/74): libcurl-minimal-7.61.1-34.el8_10.11.x8 2.0 MB/s | 293 kB     00:00    
(74/74): tar-1.30-11.el8_10.x86_64.rpm          4.1 MB/s | 838 kB     00:00    
--------------------------------------------------------------------------------
Total                                            40 MB/s | 193 MB     00:04     
Running transaction check
Transaction check succeeded.
Running transaction test
Transaction test succeeded.
Running transaction
  Preparing        :                                                        1/1 
  Upgrading        : libgcc-8.5.0-28.el8_10.x86_64                         1/85 
  Running scriptlet: libgcc-8.5.0-28.el8_10.x86_64                         1/85 
  Installing       : cmake-rpm-macros-3.26.5-2.el8.noarch                  2/85 
  Installing       : cmake-filesystem-3.26.5-2.el8.x86_64                  3/85 
  Installing       : glibc-langpack-en-2.28-251.el8_10.38.x86_64           4/85 
  Upgrading        : glibc-common-2.28-251.el8_10.38.x86_64                5/85 
  Running scriptlet: glibc-2.28-251.el8_10.38.x86_64                       6/85 
  Upgrading        : glibc-2.28-251.el8_10.38.x86_64                       6/85 
  Running scriptlet: glibc-2.28-251.el8_10.38.x86_64                       6/85 
  Installing       : glibc-gconv-extra-2.28-251.el8_10.38.x86_64           7/85 
  Running scriptlet: glibc-gconv-extra-2.28-251.el8_10.38.x86_64           7/85 
  Installing       : libmpc-1.1.0-9.1.el8.x86_64                           8/85 
  Installing       : libquadmath-8.5.0-28.el8_10.x86_64                    9/85 
  Running scriptlet: libquadmath-8.5.0-28.el8_10.x86_64                    9/85 
  Installing       : libgfortran-8.5.0-28.el8_10.x86_64                   10/85 
  Running scriptlet: libgfortran-8.5.0-28.el8_10.x86_64                   10/85 
  Installing       : python3-libselinux-2.9-8.el8.x86_64                  11/85 
  Upgrading        : libcurl-minimal-7.61.1-34.el8_10.11.x86_64           12/85 
  Installing       : blas-3.8.0-9.el8_10.x86_64                           13/85 
  Running scriptlet: blas-3.8.0-9.el8_10.x86_64                           13/85 
  Installing       : libgomp-8.5.0-28.el8_10.x86_64                       14/85 
  Running scriptlet: libgomp-8.5.0-28.el8_10.x86_64                       14/85 
  Installing       : make-1:4.2.1-11.el8.x86_64                           15/85 
  Running scriptlet: make-1:4.2.1-11.el8.x86_64                           15/85 
  Upgrading        : audit-libs-3.1.2-1.el8_10.1.x86_64                   16/85 
  Upgrading        : elfutils-libelf-0.190-2.el8.x86_64                   17/85 
  Upgrading        : elfutils-libs-0.190-2.el8.x86_64                     18/85 
  Installing       : elfutils-debuginfod-client-0.190-2.el8.x86_64        19/85 
  Installing       : python3-audit-3.1.2-1.el8_10.1.x86_64                20/85 
  Installing       : lapack-3.8.0-9.el8_10.x86_64                         21/85 
  Running scriptlet: lapack-3.8.0-9.el8_10.x86_64                         21/85 
  Installing       : python3-libsemanage-2.9-9.el8_6.x86_64               22/85 
  Installing       : python3-setools-4.3.0-5.el8.x86_64                   23/85 
  Installing       : cpp-8.5.0-28.el8_10.x86_64                           24/85 
  Running scriptlet: cpp-8.5.0-28.el8_10.x86_64                           24/85 
  Installing       : isl-0.16.1-6.el8.x86_64                              25/85 
  Running scriptlet: isl-0.16.1-6.el8.x86_64                              25/85 
  Installing       : libuv-1:1.41.1-2.el8_10.x86_64                       26/85 
  Installing       : checkpolicy-2.9-1.el8.x86_64                         27/85 
  Installing       : diffutils-3.6-6.el8.x86_64                           28/85 
  Running scriptlet: diffutils-3.6-6.el8.x86_64                           28/85 
  Installing       : groff-base-1.22.3-18.el8.x86_64                      29/85 
  Installing       : libpipeline-1.5.0-2.el8.x86_64                       30/85 
  Running scriptlet: libpipeline-1.5.0-2.el8.x86_64                       30/85 
  Running scriptlet: man-db-2.7.6.1-18.el8.x86_64                         31/85 
  Installing       : man-db-2.7.6.1-18.el8.x86_64                         31/85 
  Running scriptlet: man-db-2.7.6.1-18.el8.x86_64                         31/85 
  Installing       : libpkgconf-1.4.2-1.el8.x86_64                        32/85 
  Installing       : pkgconf-1.4.2-1.el8.x86_64                           33/85 
  Installing       : libselinux-utils-2.9-8.el8.x86_64                    34/85 
  Installing       : policycoreutils-2.9-26.el8_10.x86_64                 35/85 
  Running scriptlet: policycoreutils-2.9-26.el8_10.x86_64                 35/85 
  Installing       : python3-policycoreutils-2.9-26.el8_10.noarch         36/85 
  Installing       : policycoreutils-python-utils-2.9-26.el8_10.noarch    37/85 
  Installing       : procps-ng-3.3.15-14.el8.x86_64                       38/85 
  Installing       : tcl-1:8.6.8-2.el8.x86_64                             39/85 
  Running scriptlet: tcl-1:8.6.8-2.el8.x86_64                             39/85 
  Installing       : environment-modules-4.5.2-4.el8.x86_64               40/85 
  Running scriptlet: environment-modules-4.5.2-4.el8.x86_64               40/85 
  Installing       : scl-utils-1:2.0.2-16.el8.x86_64                      41/85 
  Installing       : gcc-toolset-12-runtime-12.0-6.el8.x86_64             42/85 
  Running scriptlet: gcc-toolset-12-runtime-12.0-6.el8.x86_64             42/85 
ValueError: SELinux policy is not managed or store cannot be accessed.

  Installing       : gcc-toolset-12-binutils-gold-2.38-17.el8.x86_64      43/85 
  Running scriptlet: gcc-toolset-12-binutils-gold-2.38-17.el8.x86_64      43/85 
  Installing       : gcc-toolset-12-binutils-2.38-17.el8.x86_64           44/85 
  Running scriptlet: gcc-toolset-12-binutils-2.38-17.el8.x86_64           44/85 
  Installing       : gcc-toolset-12-libstdc++-devel-12.2.1-7.8.el8_10.x   45/85 
  Upgrading        : binutils-2.30-128.el8_10.x86_64                      46/85 
  Running scriptlet: binutils-2.30-128.el8_10.x86_64                      46/85 
  Installing       : python3-setuptools-39.2.0-7.el8.noarch               47/85 
  Installing       : platform-python-pip-9.0.3-24.el8.rocky.0.noarch      48/85 
  Installing       : python36-3.6.8-39.module+el8.10.0+1910+234ad790.x8   49/85 
  Running scriptlet: python36-3.6.8-39.module+el8.10.0+1910+234ad790.x8   49/85 
  Installing       : python3-pip-9.0.3-24.el8.rocky.0.noarch              50/85 
  Installing       : pkgconf-m4-1.4.2-1.el8.noarch                        51/85 
  Installing       : pkgconf-pkg-config-1.4.2-1.el8.x86_64                52/85 
  Installing       : kernel-headers-4.18.0-553.137.1.el8_10.x86_64        53/85 
  Running scriptlet: glibc-headers-2.28-251.el8_10.38.x86_64              54/85 
  Installing       : glibc-headers-2.28-251.el8_10.38.x86_64              54/85 
  Installing       : libxcrypt-devel-4.1.1-6.el8.x86_64                   55/85 
  Installing       : glibc-devel-2.28-251.el8_10.38.x86_64                56/85 
  Running scriptlet: glibc-devel-2.28-251.el8_10.38.x86_64                56/85 
  Installing       : gcc-8.5.0-28.el8_10.x86_64                           57/85 
  Running scriptlet: gcc-8.5.0-28.el8_10.x86_64                           57/85 
  Installing       : libquadmath-devel-8.5.0-28.el8_10.x86_64             58/85 
  Installing       : gcc-gfortran-8.5.0-28.el8_10.x86_64                  59/85 
  Running scriptlet: gcc-gfortran-8.5.0-28.el8_10.x86_64                  59/85 
  Installing       : blas-devel-3.8.0-9.el8_10.x86_64                     60/85 
  Installing       : emacs-filesystem-1:26.1-15.el8_10.noarch             61/85 
  Installing       : vim-filesystem-2:8.0.1763-24.el8_10.noarch           62/85 
  Installing       : cmake-data-3.26.5-2.el8.noarch                       63/85 
  Installing       : cmake-3.26.5-2.el8.x86_64                            64/85 
  Installing       : lapack-devel-3.8.0-9.el8_10.x86_64                   65/85 
  Upgrading        : curl-7.61.1-34.el8_10.11.x86_64                      66/85 
  Installing       : findutils-1:4.6.0-24.el8_10.x86_64                   67/85 
  Running scriptlet: findutils-1:4.6.0-24.el8_10.x86_64                   67/85 
  Installing       : unzip-6.0-48.el8_10.x86_64                           68/85 
  Upgrading        : glibc-minimal-langpack-2.28-251.el8_10.38.x86_64     69/85 
  Upgrading        : tar-2:1.30-11.el8_10.x86_64                          70/85 
  Running scriptlet: tar-2:1.30-11.el8_10.x86_64                          70/85 
  Installing       : gcc-toolset-12-gcc-12.2.1-7.8.el8_10.x86_64          71/85 
  Installing       : gcc-toolset-12-libquadmath-devel-12.2.1-7.8.el8_10   72/85 
  Installing       : gcc-toolset-12-gcc-gfortran-12.2.1-7.8.el8_10.x86_   73/85 
  Running scriptlet: gcc-toolset-12-gcc-gfortran-12.2.1-7.8.el8_10.x86_   73/85 
  Installing       : gcc-toolset-12-gcc-c++-12.2.1-7.8.el8_10.x86_64      74/85 
  Cleanup          : elfutils-libs-0.189-3.el8.x86_64                     75/85 
  Running scriptlet: binutils-2.30-123.el8.x86_64                         76/85 
  Cleanup          : binutils-2.30-123.el8.x86_64                         76/85 
  Running scriptlet: binutils-2.30-123.el8.x86_64                         76/85 
  Cleanup          : curl-7.61.1-33.el8.x86_64                            77/85 
  Cleanup          : libcurl-minimal-7.61.1-33.el8.x86_64                 78/85 
  Running scriptlet: tar-2:1.30-9.el8.x86_64                              79/85 
  Cleanup          : tar-2:1.30-9.el8.x86_64                              79/85 
  Cleanup          : audit-libs-3.0.7-5.el8.x86_64                        80/85 
  Cleanup          : elfutils-libelf-0.189-3.el8.x86_64                   81/85 
  Cleanup          : glibc-2.28-236.el8_9.7.x86_64                        82/85 
  Cleanup          : glibc-minimal-langpack-2.28-236.el8_9.7.x86_64       83/85 
  Cleanup          : glibc-common-2.28-236.el8_9.7.x86_64                 84/85 
  Cleanup          : libgcc-8.5.0-20.el8.x86_64                           85/85 
  Running scriptlet: libgcc-8.5.0-20.el8.x86_64                           85/85 
  Running scriptlet: glibc-common-2.28-251.el8_10.38.x86_64               85/85 
  Running scriptlet: man-db-2.7.6.1-18.el8.x86_64                         85/85 
  Verifying        : blas-3.8.0-9.el8_10.x86_64                            1/85 
  Verifying        : cmake-3.26.5-2.el8.x86_64                             2/85 
  Verifying        : cmake-data-3.26.5-2.el8.noarch                        3/85 
  Verifying        : cmake-filesystem-3.26.5-2.el8.x86_64                  4/85 
  Verifying        : cmake-rpm-macros-3.26.5-2.el8.noarch                  5/85 
  Verifying        : cpp-8.5.0-28.el8_10.x86_64                            6/85 
  Verifying        : gcc-8.5.0-28.el8_10.x86_64                            7/85 
  Verifying        : gcc-gfortran-8.5.0-28.el8_10.x86_64                   8/85 
  Verifying        : gcc-toolset-12-binutils-2.38-17.el8.x86_64            9/85 
  Verifying        : gcc-toolset-12-binutils-gold-2.38-17.el8.x86_64      10/85 
  Verifying        : gcc-toolset-12-gcc-12.2.1-7.8.el8_10.x86_64          11/85 
  Verifying        : gcc-toolset-12-gcc-c++-12.2.1-7.8.el8_10.x86_64      12/85 
  Verifying        : gcc-toolset-12-gcc-gfortran-12.2.1-7.8.el8_10.x86_   13/85 
  Verifying        : gcc-toolset-12-libquadmath-devel-12.2.1-7.8.el8_10   14/85 
  Verifying        : gcc-toolset-12-libstdc++-devel-12.2.1-7.8.el8_10.x   15/85 
  Verifying        : gcc-toolset-12-runtime-12.0-6.el8.x86_64             16/85 
  Verifying        : isl-0.16.1-6.el8.x86_64                              17/85 
  Verifying        : lapack-3.8.0-9.el8_10.x86_64                         18/85 
  Verifying        : libmpc-1.1.0-9.1.el8.x86_64                          19/85 
  Verifying        : libquadmath-devel-8.5.0-28.el8_10.x86_64             20/85 
  Verifying        : libuv-1:1.41.1-2.el8_10.x86_64                       21/85 
  Verifying        : python3-pip-9.0.3-24.el8.rocky.0.noarch              22/85 
  Verifying        : python36-3.6.8-39.module+el8.10.0+1910+234ad790.x8   23/85 
  Verifying        : scl-utils-1:2.0.2-16.el8.x86_64                      24/85 
  Verifying        : vim-filesystem-2:8.0.1763-24.el8_10.noarch           25/85 
  Verifying        : checkpolicy-2.9-1.el8.x86_64                         26/85 
  Verifying        : diffutils-3.6-6.el8.x86_64                           27/85 
  Verifying        : elfutils-debuginfod-client-0.190-2.el8.x86_64        28/85 
  Verifying        : emacs-filesystem-1:26.1-15.el8_10.noarch             29/85 
  Verifying        : environment-modules-4.5.2-4.el8.x86_64               30/85 
  Verifying        : findutils-1:4.6.0-24.el8_10.x86_64                   31/85 
  Verifying        : glibc-devel-2.28-251.el8_10.38.x86_64                32/85 
  Verifying        : glibc-gconv-extra-2.28-251.el8_10.38.x86_64          33/85 
  Verifying        : glibc-headers-2.28-251.el8_10.38.x86_64              34/85 
  Verifying        : glibc-langpack-en-2.28-251.el8_10.38.x86_64          35/85 
  Verifying        : groff-base-1.22.3-18.el8.x86_64                      36/85 
  Verifying        : kernel-headers-4.18.0-553.137.1.el8_10.x86_64        37/85 
  Verifying        : libgfortran-8.5.0-28.el8_10.x86_64                   38/85 
  Verifying        : libgomp-8.5.0-28.el8_10.x86_64                       39/85 
  Verifying        : libpipeline-1.5.0-2.el8.x86_64                       40/85 
  Verifying        : libpkgconf-1.4.2-1.el8.x86_64                        41/85 
  Verifying        : libquadmath-8.5.0-28.el8_10.x86_64                   42/85 
  Verifying        : libselinux-utils-2.9-8.el8.x86_64                    43/85 
  Verifying        : libxcrypt-devel-4.1.1-6.el8.x86_64                   44/85 
  Verifying        : make-1:4.2.1-11.el8.x86_64                           45/85 
  Verifying        : man-db-2.7.6.1-18.el8.x86_64                         46/85 
  Verifying        : pkgconf-1.4.2-1.el8.x86_64                           47/85 
  Verifying        : pkgconf-m4-1.4.2-1.el8.noarch                        48/85 
  Verifying        : pkgconf-pkg-config-1.4.2-1.el8.x86_64                49/85 
  Verifying        : platform-python-pip-9.0.3-24.el8.rocky.0.noarch      50/85 
  Verifying        : policycoreutils-2.9-26.el8_10.x86_64                 51/85 
  Verifying        : policycoreutils-python-utils-2.9-26.el8_10.noarch    52/85 
  Verifying        : procps-ng-3.3.15-14.el8.x86_64                       53/85 
  Verifying        : python3-audit-3.1.2-1.el8_10.1.x86_64                54/85 
  Verifying        : python3-libselinux-2.9-8.el8.x86_64                  55/85 
  Verifying        : python3-libsemanage-2.9-9.el8_6.x86_64               56/85 
  Verifying        : python3-policycoreutils-2.9-26.el8_10.noarch         57/85 
  Verifying        : python3-setools-4.3.0-5.el8.x86_64                   58/85 
  Verifying        : python3-setuptools-39.2.0-7.el8.noarch               59/85 
  Verifying        : tcl-1:8.6.8-2.el8.x86_64                             60/85 
  Verifying        : unzip-6.0-48.el8_10.x86_64                           61/85 
  Verifying        : blas-devel-3.8.0-9.el8_10.x86_64                     62/85 
  Verifying        : lapack-devel-3.8.0-9.el8_10.x86_64                   63/85 
  Verifying        : audit-libs-3.1.2-1.el8_10.1.x86_64                   64/85 
  Verifying        : audit-libs-3.0.7-5.el8.x86_64                        65/85 
  Verifying        : binutils-2.30-128.el8_10.x86_64                      66/85 
  Verifying        : binutils-2.30-123.el8.x86_64                         67/85 
  Verifying        : curl-7.61.1-34.el8_10.11.x86_64                      68/85 
  Verifying        : curl-7.61.1-33.el8.x86_64                            69/85 
  Verifying        : elfutils-libelf-0.190-2.el8.x86_64                   70/85 
  Verifying        : elfutils-libelf-0.189-3.el8.x86_64                   71/85 
  Verifying        : elfutils-libs-0.190-2.el8.x86_64                     72/85 
  Verifying        : elfutils-libs-0.189-3.el8.x86_64                     73/85 
  Verifying        : glibc-2.28-251.el8_10.38.x86_64                      74/85 
  Verifying        : glibc-2.28-236.el8_9.7.x86_64                        75/85 
  Verifying        : glibc-common-2.28-251.el8_10.38.x86_64               76/85 
  Verifying        : glibc-common-2.28-236.el8_9.7.x86_64                 77/85 
  Verifying        : glibc-minimal-langpack-2.28-251.el8_10.38.x86_64     78/85 
  Verifying        : glibc-minimal-langpack-2.28-236.el8_9.7.x86_64       79/85 
  Verifying        : libcurl-minimal-7.61.1-34.el8_10.11.x86_64           80/85 
  Verifying        : libcurl-minimal-7.61.1-33.el8.x86_64                 81/85 
  Verifying        : libgcc-8.5.0-28.el8_10.x86_64                        82/85 
  Verifying        : libgcc-8.5.0-20.el8.x86_64                           83/85 
  Verifying        : tar-2:1.30-11.el8_10.x86_64                          84/85 
  Verifying        : tar-2:1.30-9.el8.x86_64                              85/85 

Upgraded:
  audit-libs-3.1.2-1.el8_10.1.x86_64                                            
  binutils-2.30-128.el8_10.x86_64                                               
  curl-7.61.1-34.el8_10.11.x86_64                                               
  elfutils-libelf-0.190-2.el8.x86_64                                            
  elfutils-libs-0.190-2.el8.x86_64                                              
  glibc-2.28-251.el8_10.38.x86_64                                               
  glibc-common-2.28-251.el8_10.38.x86_64                                        
  glibc-minimal-langpack-2.28-251.el8_10.38.x86_64                              
  libcurl-minimal-7.61.1-34.el8_10.11.x86_64                                    
  libgcc-8.5.0-28.el8_10.x86_64                                                 
  tar-2:1.30-11.el8_10.x86_64                                                   
Installed:
  blas-3.8.0-9.el8_10.x86_64                                                    
  blas-devel-3.8.0-9.el8_10.x86_64                                              
  checkpolicy-2.9-1.el8.x86_64                                                  
  cmake-3.26.5-2.el8.x86_64                                                     
  cmake-data-3.26.5-2.el8.noarch                                                
  cmake-filesystem-3.26.5-2.el8.x86_64                                          
  cmake-rpm-macros-3.26.5-2.el8.noarch                                          
  cpp-8.5.0-28.el8_10.x86_64                                                    
  diffutils-3.6-6.el8.x86_64                                                    
  elfutils-debuginfod-client-0.190-2.el8.x86_64                                 
  emacs-filesystem-1:26.1-15.el8_10.noarch                                      
  environment-modules-4.5.2-4.el8.x86_64                                        
  findutils-1:4.6.0-24.el8_10.x86_64                                            
  gcc-8.5.0-28.el8_10.x86_64                                                    
  gcc-gfortran-8.5.0-28.el8_10.x86_64                                           
  gcc-toolset-12-binutils-2.38-17.el8.x86_64                                    
  gcc-toolset-12-binutils-gold-2.38-17.el8.x86_64                               
  gcc-toolset-12-gcc-12.2.1-7.8.el8_10.x86_64                                   
  gcc-toolset-12-gcc-c++-12.2.1-7.8.el8_10.x86_64                               
  gcc-toolset-12-gcc-gfortran-12.2.1-7.8.el8_10.x86_64                          
  gcc-toolset-12-libquadmath-devel-12.2.1-7.8.el8_10.x86_64                     
  gcc-toolset-12-libstdc++-devel-12.2.1-7.8.el8_10.x86_64                       
  gcc-toolset-12-runtime-12.0-6.el8.x86_64                                      
  glibc-devel-2.28-251.el8_10.38.x86_64                                         
  glibc-gconv-extra-2.28-251.el8_10.38.x86_64                                   
  glibc-headers-2.28-251.el8_10.38.x86_64                                       
  glibc-langpack-en-2.28-251.el8_10.38.x86_64                                   
  groff-base-1.22.3-18.el8.x86_64                                               
  isl-0.16.1-6.el8.x86_64                                                       
  kernel-headers-4.18.0-553.137.1.el8_10.x86_64                                 
  lapack-3.8.0-9.el8_10.x86_64                                                  
  lapack-devel-3.8.0-9.el8_10.x86_64                                            
  libgfortran-8.5.0-28.el8_10.x86_64                                            
  libgomp-8.5.0-28.el8_10.x86_64                                                
  libmpc-1.1.0-9.1.el8.x86_64                                                   
  libpipeline-1.5.0-2.el8.x86_64                                                
  libpkgconf-1.4.2-1.el8.x86_64                                                 
  libquadmath-8.5.0-28.el8_10.x86_64                                            
  libquadmath-devel-8.5.0-28.el8_10.x86_64                                      
  libselinux-utils-2.9-8.el8.x86_64                                             
  libuv-1:1.41.1-2.el8_10.x86_64                                                
  libxcrypt-devel-4.1.1-6.el8.x86_64                                            
  make-1:4.2.1-11.el8.x86_64                                                    
  man-db-2.7.6.1-18.el8.x86_64                                                  
  pkgconf-1.4.2-1.el8.x86_64                                                    
  pkgconf-m4-1.4.2-1.el8.noarch                                                 
  pkgconf-pkg-config-1.4.2-1.el8.x86_64                                         
  platform-python-pip-9.0.3-24.el8.rocky.0.noarch                               
  policycoreutils-2.9-26.el8_10.x86_64                                          
  policycoreutils-python-utils-2.9-26.el8_10.noarch                             
  procps-ng-3.3.15-14.el8.x86_64                                                
  python3-audit-3.1.2-1.el8_10.1.x86_64                                         
  python3-libselinux-2.9-8.el8.x86_64                                           
  python3-libsemanage-2.9-9.el8_6.x86_64                                        
  python3-pip-9.0.3-24.el8.rocky.0.noarch                                       
  python3-policycoreutils-2.9-26.el8_10.noarch                                  
  python3-setools-4.3.0-5.el8.x86_64                                            
  python3-setuptools-39.2.0-7.el8.noarch                                        
  python36-3.6.8-39.module+el8.10.0+1910+234ad790.x86_64                        
  scl-utils-1:2.0.2-16.el8.x86_64                                               
  tcl-1:8.6.8-2.el8.x86_64                                                      
  unzip-6.0-48.el8_10.x86_64                                                    
  vim-filesystem-2:8.0.1763-24.el8_10.noarch                                    

Complete!

## Toolchain
/opt/rh/gcc-toolset-12/root/usr/bin/gcc
/opt/rh/gcc-toolset-12/root/usr/bin/gfortran
gcc (GCC) 12.2.1 20221121 (Red Hat 12.2.1-7)
Copyright (C) 2022 Free Software Foundation, Inc.
This is free software; see the source for copying conditions.  There is NO
GNU Fortran (GCC) 12.2.1 20221121 (Red Hat 12.2.1-7)
Copyright (C) 2022 Free Software Foundation, Inc.
This is free software; see the source for copying conditions.  There is NO
cmake version 3.26.5

CMake suite maintained and supported by Kitware (kitware.com/cmake).
1.13.2
curl: (22) The requested URL returned error: 404 Not Found
